error: The 'bitfield' attribute must have an unsigned integer type as its first argument.
 --> tests/compile_error_cases/bitfield_unsupported_type.rs:4:1
  |
4 | / pub struct Bitfield {
5 | |     a: u8,
6 | |     b: u8,
7 | |     c: u8,
8 | | }
  | |_^
