error: The default value '4095' is too large to fit into the specified '3 bits'.
 --> tests/compile_error_cases/bitfield_field_defined_bits_too_small_for_default_value.rs:5:25
  |
5 |     #[bits(3, default = 0xFFF)]
  |                         ^^^^^
