error: Padding fields can't have a specified access.
 --> tests/compile_error_cases/bitfield_padding_field_with_access.rs:5:7
  |
5 |     #[bits(access = ro)]
  |       ^^^^
